
> cycling-lineage-frontend@0.1.0 test
> vitest tests/utils/detailRenderer.test.js --run


[7m[1m[36m RUN [39m[22m[27m [36mv1.6.1[39m [90mC:/Users/fjung/Documents/DEV/chainlines/frontend[39m

 [33mΓ¥»[39m tests/utils/detailRenderer.test.js [2m ([22m[2m13 tests[22m [2m|[22m [31m8 failed[39m[2m)[22m[90m 103[2mms[22m[39m
[31m   [33mΓ¥»[31m tests/utils/detailRenderer.test.js[2m > [22mDetailRenderer[2m > [22mrenderDetailedLinks[2m > [22mshould apply thicker stroke for MERGE links[39m
[31m     ΓåÆ expected NaN to be greater than NaN[39m
[31m   [33mΓ¥»[31m tests/utils/detailRenderer.test.js[2m > [22mDetailRenderer[2m > [22mrenderDetailedLinks[2m > [22mshould apply lower opacity for SPIRITUAL_SUCCESSION[39m
[31m     ΓåÆ expected NaN to be less than NaN[39m
[31m   [33mΓ¥»[31m tests/utils/detailRenderer.test.js[2m > [22mDetailRenderer[2m > [22mrenderDetailedLinks[2m > [22mshould add arrowheads to links[39m
[31m     ΓåÆ expected true to be false // Object.is equality[39m
[31m   [33mΓ¥»[31m tests/utils/detailRenderer.test.js[2m > [22mDetailRenderer[2m > [22maddArrowheads[2m > [22mshould create defs if not present[39m
[31m     ΓåÆ expected true to be false // Object.is equality[39m
[31m   [33mΓ¥»[31m tests/utils/detailRenderer.test.js[2m > [22mDetailRenderer[2m > [22maddArrowheads[2m > [22mshould clear old markers before creating new ones[39m
[31m     ΓåÆ expected false to be true // Object.is equality[39m
[31m   [33mΓ¥»[31m tests/utils/detailRenderer.test.js[2m > [22mDetailRenderer[2m > [22mrenderEraTimeline[2m > [22mshould not render if scale below detail threshold[39m
[31m     ΓåÆ localStorage is not available for opaque origins[39m
[31m   [33mΓ¥»[31m tests/utils/detailRenderer.test.js[2m > [22mDetailRenderer[2m > [22mrenderEraTimeline[2m > [22mshould not render if only one era[39m
[31m     ΓåÆ localStorage is not available for opaque origins[39m
[31m   [33mΓ¥»[31m tests/utils/detailRenderer.test.js[2m > [22mDetailRenderer[2m > [22mrenderEraTimeline[2m > [22mshould render era segments at detail level[39m
[31m     ΓåÆ localStorage is not available for opaque origins[39m

node.exe : [31mΓÄ»ΓÄ»ΓÄ»ΓÄ»ΓÄ»ΓÄ»ΓÄ»[1m[7m Failed Tests 8 [27m[22mΓÄ»ΓÄ»ΓÄ»ΓÄ»ΓÄ»ΓÄ»ΓÄ»[39m
At line:1 char:1
+ & "C:\Program Files\nodejs/node.exe" "C:\Program Files\nodejs/node_mo ...
+ ~~~~~~~~~~~~~~~~~~~~~~~~~~~~~~~~~~~~~~~~~~~~~~~~~~~~~~~~~~~~~~~~~~~~~
    + CategoryInfo          : NotSpecified: ([31mΓÄ»ΓÄ»ΓÄ»Γ...»ΓÄ»ΓÄ»ΓÄ»[39m:String) [], RemoteException
    + FullyQualifiedErrorId : NativeCommandError
 

[31m[1m[7m FAIL [27m[22m[39m tests/utils/detailRenderer.test.js[2m > [22mDetailRenderer[2m > 
[22mrenderDetailedLinks[2m > [22mshould apply thicker stroke for MERGE links
[31m[1mAssertionError[22m: expected NaN to be greater than NaN[39m
[36m [2mΓ¥»[22m tests/utils/detailRenderer.test.js:[2m46:26[22m[39m
    [90m 44| [39m      [35mconst[39m mergeWidth [33m=[39m 
[34mparseFloat[39m(d3[33m.[39m[34mselect[39m(paths[[34m0[39m])[33m.[39m[34mattr[39m([32m'stroke-w[39mΓÇª
    [90m 45| [39m      [35mconst[39m legalWidth [33m=[39m 
[34mparseFloat[39m(d3[33m.[39m[34mselect[39m(paths[[34m1[39m])[33m.[39m[34mattr[39m([32m'stroke-w[39mΓÇª
    [90m 46| [39m      [34mexpect[39m(mergeWidth)[33m.[39m[34mtoBeGreaterThan[39m(legalWidth)[33m;[39m
    [90m   | [39m                         [31m^[39m
    [90m 47| [39m    })[33m;[39m
    [90m 48| [39m

[31m[2mΓÄ»ΓÄ»ΓÄ»ΓÄ»ΓÄ»ΓÄ»ΓÄ»ΓÄ»ΓÄ»ΓÄ»ΓÄ»ΓÄ»ΓÄ»ΓÄ»ΓÄ»ΓÄ»ΓÄ»ΓÄ»ΓÄ»ΓÄ»ΓÄ»ΓÄ»ΓÄ»ΓÄ»[1/8]ΓÄ»[22m[39m

[31m[1m[7m FAIL [27m[22m[39m tests/utils/detailRenderer.test.js[2m > [22mDetailRenderer[2m > 
[22mrenderDetailedLinks[2m > [22mshould apply lower opacity for SPIRITUAL_SUCCESSION
[31m[1mAssertionError[22m: expected NaN to be less than NaN[39m
[36m [2mΓ¥»[22m tests/utils/detailRenderer.test.js:[2m68:32[22m[39m
    [90m 66| [39m      [35mconst[39m legalOpacity [33m=[39m 
[34mparseFloat[39m(d3[33m.[39m[34mselect[39m(paths[[34m1[39m])[33m.[39m[34mattr[39m([32m'opacit[39mΓÇª
    [90m 67| [39m      
    [90m 68| [39m      [34mexpect[39m(spiritualOpacity)[33m.[39m[34mtoBeLessThan[39m(legalOpacity)[33m;[39m
    [90m   | [39m                               [31m^[39m
    [90m 69| [39m      [34mexpect[39m(spiritualOpacity)[33m.[39m[34mtoBe[39m([34m0.6[39m)[33m;[39m
    [90m 70| [39m      [34mexpect[39m(legalOpacity)[33m.[39m[34mtoBe[39m([34m0.9[39m)[33m;[39m

[31m[2mΓÄ»ΓÄ»ΓÄ»ΓÄ»ΓÄ»ΓÄ»ΓÄ»ΓÄ»ΓÄ»ΓÄ»ΓÄ»ΓÄ»ΓÄ»ΓÄ»ΓÄ»ΓÄ»ΓÄ»ΓÄ»ΓÄ»ΓÄ»ΓÄ»ΓÄ»ΓÄ»ΓÄ»[2/8]ΓÄ»[22m[39m

[31m[1m[7m FAIL [27m[22m[39m tests/utils/detailRenderer.test.js[2m > [22mDetailRenderer[2m > 
[22mrenderDetailedLinks[2m > [22mshould add arrowheads to links
[31m[1mAssertionError[22m: expected true to be false // Object.is equality[39m

[32m- Expected[39m
[31m+ Received[39m

[32m- false[39m
[31m+ true[39m

[36m [2mΓ¥»[22m tests/utils/detailRenderer.test.js:[2m87:30[22m[39m
    [90m 85| [39m      [90m// Check marker definition exists[39m
    [90m 86| [39m      [35mconst[39m marker [33m=[39m 
g[33m.[39m[34mselect[39m([32m'marker#arrowhead'[39m)[33m;[39m
    [90m 87| [39m      
[34mexpect[39m(marker[33m.[39m[34mempty[39m())[33m.[39m[34mtoBe[39m([35mfalse[39m)[33m;[39m
    [90m   | [39m                             [31m^[39m
    [90m 88| [39m      
    [90m 89| [39m      [90m// Check paths reference the marker[39m

[31m[2mΓÄ»ΓÄ»ΓÄ»ΓÄ»ΓÄ»ΓÄ»ΓÄ»ΓÄ»ΓÄ»ΓÄ»ΓÄ»ΓÄ»ΓÄ»ΓÄ»ΓÄ»ΓÄ»ΓÄ»ΓÄ»ΓÄ»ΓÄ»ΓÄ»ΓÄ»ΓÄ»ΓÄ»[3/8]ΓÄ»[22m[39m

[31m[1m[7m FAIL [27m[22m[39m tests/utils/detailRenderer.test.js[2m > [22mDetailRenderer[2m > 
[22maddArrowheads[2m > [22mshould create defs if not present
[31m[1mAssertionError[22m: expected true to be false // Object.is equality[39m

[32m- Expected[39m
[31m+ Received[39m

[32m- false[39m
[31m+ true[39m

[36m [2mΓ¥»[22m tests/utils/detailRenderer.test.js:[2m102:28[22m[39m
    [90m100| [39m      
    [90m101| [39m      [35mconst[39m defs [33m=[39m g[33m.[39m[34mselect[39m([32m'defs'[39m)[33m;[39m
    [90m102| [39m      
[34mexpect[39m(defs[33m.[39m[34mempty[39m())[33m.[39m[34mtoBe[39m([35mfalse[39m)[33m;[39m
    [90m   | [39m                           [31m^[39m
    [90m103| [39m    })[33m;[39m
    [90m104| [39m

[31m[2mΓÄ»ΓÄ»ΓÄ»ΓÄ»ΓÄ»ΓÄ»ΓÄ»ΓÄ»ΓÄ»ΓÄ»ΓÄ»ΓÄ»ΓÄ»ΓÄ»ΓÄ»ΓÄ»ΓÄ»ΓÄ»ΓÄ»ΓÄ»ΓÄ»ΓÄ»ΓÄ»ΓÄ»[4/8]ΓÄ»[22m[39m

[31m[1m[7m FAIL [27m[22m[39m tests/utils/detailRenderer.test.js[2m > [22mDetailRenderer[2m > 
[22maddArrowheads[2m > [22mshould clear old markers before creating new ones
[31m[1mAssertionError[22m: expected false to be true // Object.is equality[39m

[32m- Expected[39m
[31m+ Received[39m

[32m- true[39m
[31m+ false[39m

[36m [2mΓ¥»[22m tests/utils/detailRenderer.test.js:[2m122:33[22m[39m
    [90m120| [39m      
    [90m121| [39m      [35mconst[39m oldMarker [33m=[39m 
g[33m.[39m[34mselect[39m([32m'#old-marker'[39m)[33m;[39m
    [90m122| [39m      
[34mexpect[39m(oldMarker[33m.[39m[34mempty[39m())[33m.[39m[34mtoBe[39m([35mtrue[39m)[33m;[39m
    [90m   | [39m                                [31m^[39m
    [90m123| [39m      
    [90m124| [39m      [35mconst[39m arrowhead [33m=[39m 
g[33m.[39m[34mselect[39m([32m'#arrowhead'[39m)[33m;[39m

[31m[2mΓÄ»ΓÄ»ΓÄ»ΓÄ»ΓÄ»ΓÄ»ΓÄ»ΓÄ»ΓÄ»ΓÄ»ΓÄ»ΓÄ»ΓÄ»ΓÄ»ΓÄ»ΓÄ»ΓÄ»ΓÄ»ΓÄ»ΓÄ»ΓÄ»ΓÄ»ΓÄ»ΓÄ»[5/8]ΓÄ»[22m[39m

[31m[1m[7m FAIL [27m[22m[39m tests/utils/detailRenderer.test.js[2m > [22mDetailRenderer[2m > 
[22mrenderEraTimeline[2m > [22mshould not render if scale below detail threshold
[31m[1m[7m FAIL [27m[22m[39m tests/utils/detailRenderer.test.js[2m > [22mDetailRenderer[2m > 
[22mrenderEraTimeline[2m > [22mshould not render if only one era
[31m[1m[7m FAIL [27m[22m[39m tests/utils/detailRenderer.test.js[2m > [22mDetailRenderer[2m > 
[22mrenderEraTimeline[2m > [22mshould render era segments at detail level
[31m[1mSecurityError[22m: localStorage is not available for opaque origins[39m
[31m[2mΓÄ»ΓÄ»ΓÄ»ΓÄ»ΓÄ»ΓÄ»ΓÄ»ΓÄ»ΓÄ»ΓÄ»ΓÄ»ΓÄ»ΓÄ»ΓÄ»ΓÄ»ΓÄ»ΓÄ»ΓÄ»ΓÄ»ΓÄ»ΓÄ»ΓÄ»ΓÄ»ΓÄ»ΓÄ»ΓÄ»ΓÄ»ΓÄ»ΓÄ»ΓÄ»[22m[39m
[31m[1mSerialized Error:[22m[39m [90m{ code: 18, INDEX_SIZE_ERR: 1, DOMSTRING_SIZE_ERR: 2, HIERARCHY_REQUEST_ERR: 
3, WRONG_DOCUMENT_ERR: 4, INVALID_CHARACTER_ERR: 5, NO_DATA_ALLOWED_ERR: 6, NO_MODIFICATION_ALLOWED_ERR: 7, 
NOT_FOUND_ERR: 8, NOT_SUPPORTED_ERR: 9, INUSE_ATTRIBUTE_ERR: 10, INVALID_STATE_ERR: 11, SYNTAX_ERR: 12, 
INVALID_MODIFICATION_ERR: 13, NAMESPACE_ERR: 14, INVALID_ACCESS_ERR: 15, VALIDATION_ERR: 16, TYPE_MISMATCH_ERR: 17, 
SECURITY_ERR: 18, NETWORK_ERR: 19, ABORT_ERR: 20, URL_MISMATCH_ERR: 21, QUOTA_EXCEEDED_ERR: 22, TIMEOUT_ERR: 23, 
INVALID_NODE_TYPE_ERR: 24, DATA_CLONE_ERR: 25 }[39m
[31m[2mΓÄ»ΓÄ»ΓÄ»ΓÄ»ΓÄ»ΓÄ»ΓÄ»ΓÄ»ΓÄ»ΓÄ»ΓÄ»ΓÄ»ΓÄ»ΓÄ»ΓÄ»ΓÄ»ΓÄ»ΓÄ»ΓÄ»ΓÄ»ΓÄ»ΓÄ»ΓÄ»ΓÄ»[6/8]ΓÄ»[22m[39m

[2m Test Files [22m [1m[31m1 failed[39m[22m[90m (1)[39m
[2m      Tests [22m [1m[31m8 failed[39m[22m[2m | [22m[1m[32m5 passed[39m[22m[90m (13)[39m
[2m   Start at [22m 14:33:32
[2m   Duration [22m 1.40s[2m (transform 47ms, setup 0ms, collect 238ms, tests 103ms, environment 611ms, prepare 164ms)[22m

