
> cycling-lineage-frontend@0.1.0 test
> vitest tests/utils/detailRenderer.test.js -t should use sponsor color for segments --run


[7m[1m[36m RUN [39m[22m[27m [36mv1.6.1[39m [90mC:/Users/fjung/Documents/DEV/chainlines/frontend[39m

 [32mΓ£ô[39m tests/utils/detailRenderer.test.js [2m ([22m[2m13 tests[22m [2m|[22m [33m12 skipped[39m[2m)[22m[90m 21[2mms[22m[39m

[2m Test Files [22m [1m[32m1 passed[39m[22m[90m (1)[39m
[2m      Tests [22m [1m[32m1 passed[39m[22m[2m | [22m[33m12 skipped[39m[90m (13)[39m
[2m   Start at [22m 14:32:25
[2m   Duration [22m 1.20s[2m (transform 38ms, setup 0ms, collect 246ms, tests 21ms, environment 547ms, prepare 146ms)[22m

